// Jest Snapshot v1, https://goo.gl/fbAQLP

exports[`rendering the entire app 1`] = `
<div>
  <h1>
    Blog
  </h1>
  <div>
    <h2>
      What Would Happen If You Did These Things Every Day...
    </h2>
    <p>
      For thirty days...
    </p>
  </div>
  <div>
    <h2>
      10 Strategies for Creating Viral and Powerful Content
    </h2>
    <p />
  </div>
  <div>
    <h2>
      Useful Tools for Writers
    </h2>
    <p>
      Jumpstart your process.
    </p>
  </div>
  <h1>
    My Blog
  </h1>
</div>
`;
